// Jest Snapshot v1, https://goo.gl/fbAQLP

exports[`onChange onChange after change("t") 1`] = `undefined`;

exports[`onChange onChange after change("te") 1`] = `
{
  "type": "return",
  "value": {
    "errorsInline": {},
    "fieldsInline": {
      "profile.firstName": {
        "_type": "fieldMeta",
        "active": false,
        "blurred": false,
        "blurredAfterOuterError": false,
        "changed": false,
        "changedAfterOuterError": false,
        "touched": false,
        "touchedAfterOuterError": false,
        "validate": undefined,
      },
      "profile.lastName": {
        "_type": "fieldMeta",
        "active": false,
        "blurred": false,
        "blurredAfterOuterError": false,
        "changed": false,
        "changedAfterOuterError": false,
        "touched": false,
        "touchedAfterOuterError": false,
        "validate": undefined,
      },
      "username": {
        "_type": "fieldMeta",
        "active": false,
        "blurred": false,
        "blurredAfterOuterError": false,
        "changed": true,
        "changedAfterOuterError": false,
        "touched": false,
        "touchedAfterOuterError": false,
        "validate": [Function],
      },
    },
    "form": {
      "hasError": false,
      "hasOuterError": false,
      "submitted": false,
    },
    "meta": {},
    "outerErrorsInline": {},
    "values": {
      "username": "te",
    },
  },
}
`;
